[baha.malyarchuk.space/index-line.html]
[backblue.gif]
[fade.gif]
[index.html]
[baha.malyarchuk.space/css/plugins/bootstrap.min.css]
[baha.malyarchuk.space/css/plugins/font-awesome.css]
[baha.malyarchuk.space/css/plugins/magnific-popup.css]
[baha.malyarchuk.space/css/plugins/simplebar.css]
[baha.malyarchuk.space/css/plugins/owl.carousel.min.css]
[baha.malyarchuk.space/css/plugins/jquery.animatedheadline.css]
[baha.malyarchuk.space/css/style-dark.css]
[baha.malyarchuk.space/css/style-demo.css]
[baha.malyarchuk.space/css/settings/green-color.css]
[baha.malyarchuk.space/css/settings/top-nav.css]
[baha.malyarchuk.space/css/settings/bottom-nav.css]
[baha.malyarchuk.space/css/style-light.css]
[baha.malyarchuk.space/css/settings/hexagon-box.css]
[baha.malyarchuk.space/css/settings/blue-color.css]
[baha.malyarchuk.space/css/settings/red-color.css]
[baha.malyarchuk.space/css/settings/purple-color.css]
[baha.malyarchuk.space/css/settings/sea-color.css]
[baha.malyarchuk.space/css/settings/yellow-color.css]
[baha.malyarchuk.space/img/logo.png]
[baha.malyarchuk.space/img/home-bg.jpg]
[baha.malyarchuk.space/img/user-photo.jpg]
[baha.malyarchuk.space/img/testimonials/testimonial-1.jpg]
[baha.malyarchuk.space/img/testimonials/testimonial-2.jpg]
[baha.malyarchuk.space/img/testimonials/testimonial-3.jpg]
[baha.malyarchuk.space/img/portfolio/img-1.jpg]
[baha.malyarchuk.space/img/portfolio/img-2.jpg]
[baha.malyarchuk.space/img/portfolio/img-3.jpg]
[baha.malyarchuk.space/img/portfolio/img-4.jpg]
[baha.malyarchuk.space/img/portfolio/img-5.jpg]
[baha.malyarchuk.space/img/portfolio/img-6.jpg]
[baha.malyarchuk.space/img/portfolio/img-7.jpg]
[baha.malyarchuk.space/img/portfolio/img-8.jpg]
[baha.malyarchuk.space/img/portfolio/img-9.jpg]
[baha.malyarchuk.space/single-blog.html]
[baha.malyarchuk.space/img/blog/img-1.jpg]
[baha.malyarchuk.space/img/blog/img-2.jpg]
[baha.malyarchuk.space/img/blog/img-3.jpg]
[baha.malyarchuk.space/img/blog/img-4.jpg]
[baha.malyarchuk.space/img/blog/img-5.jpg]
[baha.malyarchuk.space/img/blog/img-6.jpg]
[baha.malyarchuk.space/js/jquery.min.js]
[baha.malyarchuk.space/js/isotope.pkgd.min.js]
[baha.malyarchuk.space/js/bootstrap.min.js]
[baha.malyarchuk.space/js/owl.carousel.min.js]
[baha.malyarchuk.space/js/jquery.animatedheadline.min.js]
[baha.malyarchuk.space/js/jquery.magnific-popup.min.js]
[baha.malyarchuk.space/js/simplebar.js]
[baha.malyarchuk.space/js/jquery.easypiechart.js]
[baha.malyarchuk.space/js/jquery.validation.js]
[baha.malyarchuk.space/js/tilt.js]
[baha.malyarchuk.space/js/main.js]
[baha.malyarchuk.space/js/main-demo.js]
[baha.malyarchuk.space/index-line.html]
[baha.malyarchuk.space/css/plugins/bootstrap.min.css]
[baha.malyarchuk.space/fonts/fa-brands-400.eot]
[baha.malyarchuk.space/fonts/fa-brands-400.woff2]
[baha.malyarchuk.space/fonts/fa-brands-400d41d.eot]
[baha.malyarchuk.space/fonts/fa-brands-400.woff]
[baha.malyarchuk.space/fonts/fa-brands-400.ttf]
[baha.malyarchuk.space/fonts/fa-regular-400.eot]
[baha.malyarchuk.space/fonts/fa-regular-400.woff2]
[baha.malyarchuk.space/fonts/fa-regular-400d41d.eot]
[baha.malyarchuk.space/fonts/fa-brands-400.svg]
[baha.malyarchuk.space/fonts/fa-regular-400.woff]
[baha.malyarchuk.space/fonts/fa-regular-400.ttf]
[baha.malyarchuk.space/fonts/fa-regular-400.svg]
[baha.malyarchuk.space/fonts/fa-solid-900.eot]
[baha.malyarchuk.space/fonts/fa-solid-900.woff2]
[baha.malyarchuk.space/fonts/fa-solid-900d41d.eot]
[baha.malyarchuk.space/fonts/fa-solid-900.woff]
[baha.malyarchuk.space/fonts/fa-solid-900.ttf]
[baha.malyarchuk.space/fonts/fa-solid-900.svg]
[baha.malyarchuk.space/css/plugins/font-awesome.css]
[baha.malyarchuk.space/css/plugins/magnific-popup.css]
[baha.malyarchuk.space/css/plugins/simplebar.css]
[baha.malyarchuk.space/css/plugins/owl.carousel.min.css]
[baha.malyarchuk.space/css/plugins/owl.theme.default.min.css]
[baha.malyarchuk.space/css/plugins/jquery.animatedheadline.css]
[baha.malyarchuk.space/img/slider/slide-1.jpg]
[baha.malyarchuk.space/img/slider/slide-2.jpg]
[baha.malyarchuk.space/img/slider/slide-3.jpg]
[baha.malyarchuk.space/img/blog/blog-page-img.jpg]
[baha.malyarchuk.space/css/style-dark.css]
[baha.malyarchuk.space/css/style-demo.css]
[baha.malyarchuk.space/css/settings/left-nav.css]
[baha.malyarchuk.space/css/settings/green-color.css]
[baha.malyarchuk.space/css/settings/circle-box.css]
[baha.malyarchuk.space/css/settings/top-nav.css]
[baha.malyarchuk.space/css/settings/right-nav.css]
[baha.malyarchuk.space/css/settings/bottom-nav.css]
[baha.malyarchuk.space/css/style-light.css]
[baha.malyarchuk.space/css/settings/hexagon-box.css]
[baha.malyarchuk.space/css/settings/blue-color.css]
[baha.malyarchuk.space/css/settings/red-color.css]
[baha.malyarchuk.space/css/settings/purple-color.css]
[baha.malyarchuk.space/css/settings/sea-color.css]
[baha.malyarchuk.space/css/settings/yellow-color.css]
[baha.malyarchuk.space/blog-list.html]
[baha.malyarchuk.space/img/blog/authors/author-1.png]
[baha.malyarchuk.space/img/blog/authors/author-2.png]
[baha.malyarchuk.space/img/blog/authors/author-3.png]
[baha.malyarchuk.space/single-blog.html]
[baha.malyarchuk.space/fonts/fa-brands-400.svg]
[baha.malyarchuk.space/fonts/fa-regular-400.svg]
[baha.malyarchuk.space/fonts/fa-solid-900.svg]
[baha.malyarchuk.space/css/plugins/owl.video.play.html]
[baha.malyarchuk.space/index.html]
[baha.malyarchuk.space/img/blog/post/blog-1.jpg]
[baha.malyarchuk.space/img/blog/post/blog-2.jpg]
[baha.malyarchuk.space/img/blog/post/blog-3.jpg]
[baha.malyarchuk.space/img/blog/post/blog-4.jpg]
[baha.malyarchuk.space/img/blog/post/gallery/gallery-1.jpg]
[baha.malyarchuk.space/img/blog/post/gallery/gallery-2.jpg]
[baha.malyarchuk.space/img/blog/post/gallery/gallery-3.jpg]
[baha.malyarchuk.space/img/blog/post/gallery/gallery-4.jpg]
[baha.malyarchuk.space/img/blog/post/gallery/gallery-5.jpg]
[baha.malyarchuk.space/img/blog/post/gallery/gallery-6.jpg]
[baha.malyarchuk.space/img/blog/post/gallery/gallery-7.jpg]
[baha.malyarchuk.space/img/blog/post/gallery/gallery-8.jpg]
[baha.malyarchuk.space/blog-list.html]
[baha.malyarchuk.space/img/blog/post/gallery/gallery-8.jpg]
